\BOOKMARK [1][-]{section.1}{\376\377\000I\000n\000t\000r\000o\000d\000u\000c\000t\000i\000o\000n}{}% 1
\BOOKMARK [1][-]{section.2}{\376\377\000R\000e\000l\000a\000t\000e\000d\000\040\000W\000o\000r\000k}{}% 2
\BOOKMARK [2][-]{subsection.2.1}{\376\377\000M\000a\000c\000h\000i\000n\000e\000\040\000T\000h\000e\000o\000r\000y\000-\000o\000f\000-\000M\000i\000n\000d\000\040\000E\000v\000a\000l\000u\000a\000t\000i\000o\000n}{section.2}% 3
\BOOKMARK [2][-]{subsection.2.2}{\376\377\000I\000n\000t\000e\000r\000a\000c\000t\000i\000v\000e\000\040\000S\000o\000c\000i\000a\000l\000\040\000A\000g\000e\000n\000t\000s\000\040\000a\000n\000d\000\040\000A\000p\000p\000l\000i\000e\000d\000\040\000T\000o\000M}{section.2}% 4
\BOOKMARK [2][-]{subsection.2.3}{\376\377\000P\000e\000r\000s\000o\000n\000a\000l\000i\000z\000a\000t\000i\000o\000n\000,\000\040\000U\000s\000e\000r\000\040\000P\000r\000o\000f\000i\000l\000i\000n\000g\000,\000\040\000a\000n\000d\000\040\000K\000n\000o\000w\000l\000e\000d\000g\000e\000\040\000T\000r\000a\000c\000i\000n\000g}{section.2}% 5
\BOOKMARK [2][-]{subsection.2.4}{\376\377\000L\000L\000M\000-\000B\000a\000s\000e\000d\000\040\000U\000s\000e\000r\000\040\000S\000i\000m\000u\000l\000a\000t\000i\000o\000n}{section.2}% 6
\BOOKMARK [1][-]{section.3}{\376\377\000T\000h\000e\000\040\000K\000n\000o\000w\000A\000c\000t\000\040\000B\000e\000n\000c\000h\000m\000a\000r\000k}{}% 7
\BOOKMARK [2][-]{subsection.3.1}{\376\377\000A\000c\000t\000i\000v\000e\000\040\000K\000n\000o\000w\000l\000e\000d\000g\000e\000-\000S\000t\000a\000t\000e\000\040\000D\000i\000a\000g\000n\000o\000s\000i\000s}{section.3}% 8
\BOOKMARK [2][-]{subsection.3.2}{\376\377\000B\000e\000n\000c\000h\000m\000a\000r\000k\000\040\000C\000o\000n\000s\000t\000r\000u\000c\000t\000i\000o\000n}{section.3}% 9
\BOOKMARK [2][-]{subsection.3.3}{\376\377\000U\000s\000e\000r\000\040\000S\000i\000m\000u\000l\000a\000t\000i\000o\000n\000\040\000a\000n\000d\000\040\000V\000i\000s\000i\000b\000i\000l\000i\000t\000y\000\040\000B\000o\000u\000n\000d\000a\000r\000y}{section.3}% 10
\BOOKMARK [2][-]{subsection.3.4}{\376\377\000A\000c\000t\000i\000v\000e\000\040\000D\000i\000a\000g\000n\000o\000s\000i\000s\000\040\000A\000g\000e\000n\000t\000\040\000P\000r\000o\000t\000o\000c\000o\000l}{section.3}% 11
\BOOKMARK [2][-]{subsection.3.5}{\376\377\000E\000v\000a\000l\000u\000a\000t\000i\000o\000n\000\040\000M\000e\000t\000r\000i\000c\000s}{section.3}% 12
\BOOKMARK [1][-]{section.4}{\376\377\000E\000x\000p\000e\000r\000i\000m\000e\000n\000t\000a\000l\000\040\000E\000v\000a\000l\000u\000a\000t\000i\000o\000n}{}% 13
\BOOKMARK [2][-]{subsection.4.1}{\376\377\000R\000e\000s\000e\000a\000r\000c\000h\000\040\000Q\000u\000e\000s\000t\000i\000o\000n\000s}{section.4}% 14
\BOOKMARK [2][-]{subsection.4.2}{\376\377\000B\000e\000n\000c\000h\000m\000a\000r\000k\000\040\000I\000n\000s\000t\000a\000n\000c\000e\000s\000\040\000a\000n\000d\000\040\000E\000x\000p\000e\000r\000i\000m\000e\000n\000t\000a\000l\000\040\000S\000e\000t\000u\000p}{section.4}% 15
\BOOKMARK [2][-]{subsection.4.3}{\376\377\000B\000a\000s\000e\000l\000i\000n\000e\000s}{section.4}% 16
\BOOKMARK [2][-]{subsection.4.4}{\376\377\000M\000a\000i\000n\000\040\000R\000e\000c\000o\000n\000s\000t\000r\000u\000c\000t\000i\000o\000n\000\040\000R\000e\000s\000u\000l\000t\000s}{section.4}% 17
\BOOKMARK [2][-]{subsection.4.5}{\376\377\000E\000f\000f\000i\000c\000i\000e\000n\000c\000y\000,\000\040\000A\000b\000l\000a\000t\000i\000o\000n\000s\000,\000\040\000a\000n\000d\000\040\000R\000o\000b\000u\000s\000t\000n\000e\000s\000s}{section.4}% 18
\BOOKMARK [2][-]{subsection.4.6}{\376\377\000S\000i\000m\000u\000l\000a\000t\000o\000r\000\040\000V\000a\000l\000i\000d\000a\000t\000i\000o\000n\000\040\000a\000n\000d\000\040\000E\000r\000r\000o\000r\000\040\000A\000n\000a\000l\000y\000s\000i\000s}{section.4}% 19
\BOOKMARK [1][-]{section.5}{\376\377\000D\000i\000s\000c\000u\000s\000s\000i\000o\000n\000\040\000a\000n\000d\000\040\000C\000o\000n\000c\000l\000u\000s\000i\000o\000n}{}% 20
\BOOKMARK [2][-]{subsection.5.1}{\376\377\000W\000h\000a\000t\000\040\000K\000n\000o\000w\000A\000c\000t\000\040\000M\000e\000a\000s\000u\000r\000e\000s}{section.5}% 21
\BOOKMARK [2][-]{subsection.5.2}{\376\377\000L\000i\000m\000i\000t\000a\000t\000i\000o\000n\000s\000\040\000a\000n\000d\000\040\000T\000h\000r\000e\000a\000t\000s\000\040\000t\000o\000\040\000V\000a\000l\000i\000d\000i\000t\000y}{section.5}% 22
\BOOKMARK [2][-]{subsection.5.3}{\376\377\000C\000o\000n\000c\000l\000u\000s\000i\000o\000n\000\040\000a\000n\000d\000\040\000O\000u\000t\000l\000o\000o\000k}{section.5}% 23
\BOOKMARK [1][-]{appendix.A}{\376\377\000I\000m\000p\000l\000e\000m\000e\000n\000t\000a\000t\000i\000o\000n\000-\000O\000r\000i\000e\000n\000t\000e\000d\000\040\000A\000r\000t\000i\000f\000a\000c\000t\000\040\000S\000c\000h\000e\000m\000a\000s}{}% 24
\BOOKMARK [2][-]{subsection.A.1}{\376\377\000K\000n\000o\000w\000l\000e\000d\000g\000e\000\040\000N\000o\000d\000e}{appendix.A}% 25
\BOOKMARK [2][-]{subsection.A.2}{\376\377\000H\000i\000d\000d\000e\000n\000\040\000U\000s\000e\000r\000\040\000S\000t\000a\000t\000e}{appendix.A}% 26
\BOOKMARK [2][-]{subsection.A.3}{\376\377\000A\000g\000e\000n\000t\000\040\000W\000o\000r\000k\000i\000n\000g\000\040\000A\000s\000s\000e\000s\000s\000m\000e\000n\000t}{appendix.A}% 27
\BOOKMARK [1][-]{appendix.B}{\376\377\000B\000e\000n\000c\000h\000m\000a\000r\000k\000\040\000C\000o\000n\000s\000t\000r\000u\000c\000t\000i\000o\000n\000\040\000D\000e\000t\000a\000i\000l\000s}{}% 28
\BOOKMARK [2][-]{subsection.B.1}{\376\377\000G\000r\000a\000p\000h\000-\000A\000u\000t\000h\000o\000r\000i\000n\000g\000\040\000W\000o\000r\000k\000f\000l\000o\000w}{appendix.B}% 29
\BOOKMARK [2][-]{subsection.B.2}{\376\377\000K\000n\000o\000w\000l\000e\000d\000g\000e\000-\000M\000a\000p\000\040\000R\000e\000v\000i\000e\000w}{appendix.B}% 30
\BOOKMARK [2][-]{subsection.B.3}{\376\377\000M\000a\000n\000i\000f\000e\000s\000t\000-\000B\000o\000u\000n\000d\000\040\000R\000u\000n\000t\000i\000m\000e\000\040\000C\000o\000n\000t\000e\000x\000t\000s}{appendix.B}% 31
\BOOKMARK [1][-]{appendix.C}{\376\377\000S\000i\000m\000u\000l\000a\000t\000o\000r\000\040\000a\000n\000d\000\040\000A\000g\000e\000n\000t\000\040\000I\000n\000t\000e\000r\000f\000a\000c\000e\000\040\000D\000e\000t\000a\000i\000l\000s}{}% 32
\BOOKMARK [2][-]{subsection.C.1}{\376\377\000S\000i\000m\000u\000l\000a\000t\000o\000r\000\040\000S\000t\000a\000g\000e\000\040\000C\000o\000n\000t\000r\000a\000c\000t\000s}{appendix.C}% 33
\BOOKMARK [2][-]{subsection.C.2}{\376\377\000T\000e\000s\000t\000e\000d\000-\000A\000g\000e\000n\000t\000\040\000A\000c\000t\000i\000o\000n\000s}{appendix.C}% 34
